To honour the JVM settings for this build a single-use Daemon process will be forked. For more on this, please refer to https://docs.gradle.org/8.9/userguide/gradle_daemon.html#sec:disabling_the_daemon in the Gradle documentation.
Daemon will be stopped at the end of the build 
> Task :app:preBuild UP-TO-DATE
> Task :app:preDebugBuild UP-TO-DATE
> Task :app:mergeDebugNativeDebugMetadata NO-SOURCE
> Task :app:checkKotlinGradlePluginConfigurationErrors SKIPPED
> Task :app:generateDebugBuildConfig UP-TO-DATE
> Task :app:checkDebugAarMetadata UP-TO-DATE
> Task :app:generateDebugResValues UP-TO-DATE
> Task :app:processDebugGoogleServices UP-TO-DATE
> Task :app:mapDebugSourceSetPaths UP-TO-DATE
> Task :app:generateDebugResources UP-TO-DATE
> Task :app:mergeDebugResources UP-TO-DATE
> Task :app:packageDebugResources UP-TO-DATE
> Task :app:parseDebugLocalResources UP-TO-DATE
> Task :app:createDebugCompatibleScreenManifests UP-TO-DATE
> Task :app:extractDeepLinksDebug UP-TO-DATE
> Task :app:processDebugMainManifest UP-TO-DATE
> Task :app:processDebugManifest UP-TO-DATE
> Task :app:processDebugManifestForPackage UP-TO-DATE
> Task :app:processDebugResources UP-TO-DATE
> Task :app:javaPreCompileDebug UP-TO-DATE
> Task :app:mergeDebugShaders UP-TO-DATE
> Task :app:compileDebugShaders NO-SOURCE
> Task :app:generateDebugAssets UP-TO-DATE
> Task :app:mergeDebugAssets UP-TO-DATE
> Task :app:compressDebugAssets UP-TO-DATE
> Task :app:desugarDebugFileDependencies UP-TO-DATE
> Task :app:checkDebugDuplicateClasses UP-TO-DATE
> Task :app:kspDebugKotlin
> Task :app:mergeExtDexDebug
> Task :app:mergeDebugJniLibFolders UP-TO-DATE
> Task :app:mergeLibDexDebug
> Task :app:mergeDebugNativeLibs UP-TO-DATE

> Task :app:stripDebugDebugSymbols
Unable to strip the following libraries, packaging them as they are: libandroidx.graphics.path.so.

> Task :app:validateSigningDebug
> Task :app:writeDebugAppMetadata
> Task :app:writeDebugSigningConfigVersions
> Task :app:buildKotlinToolingMetadata
> Task :app:preReleaseBuild UP-TO-DATE
> Task :app:generateReleaseBuildConfig
> Task :app:generateReleaseResValues
> Task :app:processReleaseGoogleServices
> Task :app:checkReleaseAarMetadata
> Task :app:mapReleaseSourceSetPaths
> Task :app:generateReleaseResources
> Task :app:packageReleaseResources
> Task :app:createReleaseCompatibleScreenManifests
> Task :app:extractDeepLinksRelease
> Task :app:parseReleaseLocalResources
> Task :app:mergeReleaseResources
> Task :app:processReleaseMainManifest
> Task :app:processReleaseManifest
> Task :app:extractProguardFiles
> Task :app:javaPreCompileRelease
> Task :app:mergeReleaseJniLibFolders
> Task :app:desugarReleaseFileDependencies
> Task :app:mergeReleaseStartupProfile
> Task :app:mergeReleaseNativeLibs
> Task :app:checkReleaseDuplicateClasses
> Task :app:mergeReleaseArtProfile

> Task :app:stripReleaseDebugSymbols
Unable to strip the following libraries, packaging them as they are: libandroidx.graphics.path.so.

> Task :app:compileDebugKotlin
> Task :app:processReleaseManifestForPackage
> Task :app:mergeExtDexRelease

> Task :app:compileDebugKotlin
./gradlew : e: file:///D:/Projects/KnowItAll/app/src/main/java/com/example/know
_it_all/MainActivity.kt:16:24 Unresolved reference 'init'.
At line:1 char:1
+ ./gradlew build --no-daemon 2>&1 | Tee-Object -FilePath build_output. ...
+ ~~~~~~~~~~~~~~~~~~~~~~~~~~~~~~~~
    + CategoryInfo          : NotSpecified: (e: file:///D:/P...ference 'init'. 
   :String) [], RemoteException
    + FullyQualifiedErrorId : NativeCommandError
 
e: file:///D:/Projects/KnowItAll/app/src/main/java/com/example/know_it_all/data
/repository/LedgerRepository.kt:3:43 Unresolved reference 'dao'.
e: file:///D:/Projects/KnowItAll/app/src/main/java/com/example/know_it_all/data
/repository/LedgerRepository.kt:11:28 Unresolved reference 'TrustLedgerDao'.
e: file:///D:/Projects/KnowItAll/app/src/main/java/com/example/know_it_all/data
/repository/LedgerRepository.kt:16:19 Unresolved reference 
'getLedgerEntriesByUser'.
e: file:///D:/Projects/KnowItAll/app/src/main/java/com/example/know_it_all/data
/repository/LedgerRepository.kt:27:27 Unresolved reference 'insertLedgers'.
e: file:///D:/Projects/KnowItAll/app/src/main/java/com/example/know_it_all/data
/repository/LedgerRepository.kt:72:17 Argument type mismatch: actual type is 
'com.example.know_it_all.data.repository.DisputeBody', but 
'com.example.know_it_all.data.remote.api.DisputeBody' was expected.
e: file:///D:/Projects/KnowItAll/app/src/main/java/com/example/know_it_all/data
/repository/LedgerRepository.kt:85:19 Unresolved reference 
'getDisputedEntries'.
e: file:///D:/Projects/KnowItAll/app/src/main/java/com/example/know_it_all/data
/repository/LedgerRepository.kt:88:19 Unresolved reference 'getLatestEntry'.
e: file:///D:/Projects/KnowItAll/app/src/main/java/com/example/know_it_all/data
/repository/LedgerRepository.kt:91:19 Unresolved reference 'getCompletedCount'.
e: file:///D:/Projects/KnowItAll/app/src/main/java/com/example/know_it_all/data
/repository/SkillRepository.kt:3:43 Unresolved reference 'dao'.
e: file:///D:/Projects/KnowItAll/app/src/main/java/com/example/know_it_all/data
/repository/SkillRepository.kt:12:27 Unresolved reference 'SkillDao'.
e: file:///D:/Projects/KnowItAll/app/src/main/java/com/example/know_it_all/data
/repository/SkillRepository.kt:17:18 Unresolved reference 'getSkillsByUser'.
e: file:///D:/Projects/KnowItAll/app/src/main/java/com/example/know_it_all/data
/repository/SkillRepository.kt:20:18 Unresolved reference 
'getSkillsByCategory'.
e: file:///D:/Projects/KnowItAll/app/src/main/java/com/example/know_it_all/data
/repository/SkillRepository.kt:23:18 Unresolved reference 'getTopSkillsByUser'.
e: file:///D:/Projects/KnowItAll/app/src/main/java/com/example/know_it_all/data
/repository/SkillRepository.kt:32:26 Unresolved reference 'insertSkill'.
e: file:///D:/Projects/KnowItAll/app/src/main/java/com/example/know_it_all/data
/repository/SkillRepository.kt:50:26 Unresolved reference 'updateSkill'.
e: file:///D:/Projects/KnowItAll/app/src/main/java/com/example/know_it_all/data
/repository/SkillRepository.kt:64:26 Unresolved reference 'deleteSkill'.
e: file:///D:/Projects/KnowItAll/app/src/main/java/com/example/know_it_all/data
/repository/SkillRepository.kt:82:26 Unresolved reference 'insertSkills'.
e: file:///D:/Projects/KnowItAll/app/src/main/java/com/example/know_it_all/data
/repository/SkillRepository.kt:130:18 Unresolved reference 
'getSkillsByUserSync'.
e: file:///D:/Projects/KnowItAll/app/src/main/java/com/example/know_it_all/data
/repository/SkillRepository.kt:138:16 Argument type mismatch: actual type is 
'kotlin.String', but 'com.example.know_it_all.data.model.SkillCategory' was 
expected.
e: file:///D:/Projects/KnowItAll/app/src/main/java/com/example/know_it_all/data
/repository/SkillRepository.kt:139:24 Argument type mismatch: actual type is 
'kotlin.String', but 'com.example.know_it_all.data.model.ProficiencyLevel' was 
expected.
e: file:///D:/Projects/KnowItAll/app/src/main/java/com/example/know_it_all/data
/repository/SwapRepository.kt:3:43 Unresolved reference 'dao'.
e: file:///D:/Projects/KnowItAll/app/src/main/java/com/example/know_it_all/data
/repository/SwapRepository.kt:14:26 Unresolved reference 'SwapDao'.
e: file:///D:/Projects/KnowItAll/app/src/main/java/com/example/know_it_all/data
/repository/SwapRepository.kt:21:17 Unresolved reference 'getUserSwaps'.
e: file:///D:/Projects/KnowItAll/app/src/main/java/com/example/know_it_all/data
/repository/SwapRepository.kt:24:17 Unresolved reference 'getSwapsByStatus'.
e: file:///D:/Projects/KnowItAll/app/src/main/java/com/example/know_it_all/data
/repository/SwapRepository.kt:33:25 Unresolved reference 'insertSwap'.
e: file:///D:/Projects/KnowItAll/app/src/main/java/com/example/know_it_all/data
/repository/SwapRepository.kt:47:25 Unresolved reference 'insertSwap'.
e: file:///D:/Projects/KnowItAll/app/src/main/java/com/example/know_it_all/data
/repository/SwapRepository.kt:61:25 Unresolved reference 'updateSwap'.
e: file:///D:/Projects/KnowItAll/app/src/main/java/com/example/know_it_all/data
/repository/SwapRepository.kt:75:25 Unresolved reference 'updateSwap'.
e: file:///D:/Projects/KnowItAll/app/src/main/java/com/example/know_it_all/data
/repository/SwapRepository.kt:89:25 Unresolved reference 'deleteSwap'.
e: file:///D:/Projects/KnowItAll/app/src/main/java/com/example/know_it_all/data
/repository/SwapRepository.kt:124:21 Unresolved reference 'insertSwaps'.
e: file:///D:/Projects/KnowItAll/app/src/main/java/com/example/know_it_all/data
/repository/SwapRepository.kt:130:29 Unresolved reference 'insertSwaps'.
e: file:///D:/Projects/KnowItAll/app/src/main/java/com/example/know_it_all/data
/repository/SwapRepository.kt:148:21 Unresolved reference 'insertSwaps'.
e: file:///D:/Projects/KnowItAll/app/src/main/java/com/example/know_it_all/data
/repository/SwapRepository.kt:154:29 Unresolved reference 'insertSwaps'.
e: file:///D:/Projects/KnowItAll/app/src/main/java/com/example/know_it_all/data
/repository/SwapRepository.kt:170:5 No parameter with name 'mentorName' found.
e: file:///D:/Projects/KnowItAll/app/src/main/java/com/example/know_it_all/data
/repository/SwapRepository.kt:171:5 No parameter with name 'learnerName' found.
e: file:///D:/Projects/KnowItAll/app/src/main/java/com/example/know_it_all/data
/repository/SwapRepository.kt:172:5 No parameter with name 'skillName' found.
e: file:///D:/Projects/KnowItAll/app/src/main/java/com/example/know_it_all/data
/repository/UserRepository.kt:3:43 Unresolved reference 'dao'.
e: file:///D:/Projects/KnowItAll/app/src/main/java/com/example/know_it_all/data
/repository/UserRepository.kt:16:26 Unresolved reference 'UserDao'.
e: file:///D:/Projects/KnowItAll/app/src/main/java/com/example/know_it_all/data
/repository/UserRepository.kt:23:17 Unresolved reference 'getUserByIdFlow'.
e: file:///D:/Projects/KnowItAll/app/src/main/java/com/example/know_it_all/data
/repository/UserRepository.kt:26:17 Unresolved reference 'getTokenBalance'.
e: file:///D:/Projects/KnowItAll/app/src/main/java/com/example/know_it_all/data
/repository/UserRepository.kt:29:17 Unresolved reference 'insertUser'.
e: file:///D:/Projects/KnowItAll/app/src/main/java/com/example/know_it_all/data
/repository/UserRepository.kt:69:25 Unresolved reference 'insertUser'.
e: file:///D:/Projects/KnowItAll/app/src/main/java/com/example/know_it_all/data
/repository/UserRepository.kt:87:25 Unresolved reference 'insertUser'.
e: file:///D:/Projects/KnowItAll/app/src/main/java/com/example/know_it_all/data
/repository/UserRepository.kt:105:21 Unresolved reference 'insertUsers'.
e: file:///D:/Projects/KnowItAll/app/src/main/java/com/example/know_it_all/data
/repository/UserRepository.kt:116:29 Unresolved reference 'insertUsers'.
e: file:///D:/Projects/KnowItAll/app/src/main/java/com/example/know_it_all/data
/repository/UserRepository.kt:150:17 Unresolved reference 'clearAllUsers'.
e: file:///D:/Projects/KnowItAll/app/src/main/java/com/example/know_it_all/pres
entation/viewmodel/LedgerViewModel.kt:78:36 Unresolved reference 'getToken'.
e: file:///D:/Projects/KnowItAll/app/src/main/java/com/example/know_it_all/pres
entation/viewmodel/LedgerViewModel.kt:85:34 Unresolved reference 
'getUserLedgerLocal'.
e: file:///D:/Projects/KnowItAll/app/src/main/java/com/example/know_it_all/pres
entation/viewmodel/LedgerViewModel.kt:85:61 Cannot infer type for this 
parameter. Please specify it explicitly.
e: file:///D:/Projects/KnowItAll/app/src/main/java/com/example/know_it_all/pres
entation/viewmodel/LedgerViewModel.kt:85:77 Cannot infer type for this 
parameter. Please specify it explicitly.
e: file:///D:/Projects/KnowItAll/app/src/main/java/com/example/know_it_all/pres
entation/viewmodel/LedgerViewModel.kt:92:32 Unresolved reference 
'getTokenBalance'.
e: file:///D:/Projects/KnowItAll/app/src/main/java/com/example/know_it_all/pres
entation/viewmodel/LedgerViewModel.kt:92:56 Cannot infer type for this 
parameter. Please specify it explicitly.
e: file:///D:/Projects/KnowItAll/app/src/main/java/com/example/know_it_all/pres
entation/viewmodel/LedgerViewModel.kt:92:72 Cannot infer type for this 
parameter. Please specify it explicitly.
e: file:///D:/Projects/KnowItAll/app/src/main/java/com/example/know_it_all/pres
entation/viewmodel/LedgerViewModel.kt:98:30 Unresolved reference 
'getUserLedgerRemote'.
e: file:///D:/Projects/KnowItAll/app/src/main/java/com/example/know_it_all/pres
entation/viewmodel/LedgerViewModel.kt:98:65 Cannot infer type for this 
parameter. Please specify it explicitly.
e: file:///D:/Projects/KnowItAll/app/src/main/java/com/example/know_it_all/pres
entation/viewmodel/LedgerViewModel.kt:99:29 Cannot infer type for this 
parameter. Please specify it explicitly.
e: file:///D:/Projects/KnowItAll/app/src/main/java/com/example/know_it_all/pres
entation/viewmodel/LedgerViewModel.kt:105:38 Unresolved reference 
'getTrustScore'.
e: file:///D:/Projects/KnowItAll/app/src/main/java/com/example/know_it_all/pres
entation/viewmodel/LedgerViewModel.kt:105:67 Cannot infer type for this 
parameter. Please specify it explicitly.
e: file:///D:/Projects/KnowItAll/app/src/main/java/com/example/know_it_all/pres
entation/viewmodel/LedgerViewModel.kt:106:39 Cannot infer type for this 
parameter. Please specify it explicitly.
e: file:///D:/Projects/KnowItAll/app/src/main/java/com/example/know_it_all/pres
entation/viewmodel/LedgerViewModel.kt:109:53 Unresolved reference 'score'.
e: file:///D:/Projects/KnowItAll/app/src/main/java/com/example/know_it_all/pres
entation/viewmodel/LedgerViewModel.kt:145:46 Unresolved reference 
'getUserSkillsLocal'.
e: file:///D:/Projects/KnowItAll/app/src/main/java/com/example/know_it_all/pres
entation/viewmodel/LedgerViewModel.kt:146:22 Cannot infer type for this 
parameter. Please specify it explicitly.
e: file:///D:/Projects/KnowItAll/app/src/main/java/com/example/know_it_all/pres
entation/viewmodel/LedgerViewModel.kt:146:28 Cannot infer type for this 
parameter. Please specify it explicitly.
e: file:///D:/Projects/KnowItAll/app/src/main/java/com/example/know_it_all/pres
entation/viewmodel/LedgerViewModel.kt:148:30 Cannot infer type for this 
parameter. Please specify it explicitly.
e: file:///D:/Projects/KnowItAll/app/src/main/java/com/example/know_it_all/pres
entation/viewmodel/LedgerViewModel.kt:148:30 Not enough information to infer 
type argument for 'T'.
e: file:///D:/Projects/KnowItAll/app/src/main/java/com/example/know_it_all/pres
entation/viewmodel/LedgerViewModel.kt:148:30 Suspension functions can only be 
called within coroutine body.
e: file:///D:/Projects/KnowItAll/app/src/main/java/com/example/know_it_all/pres
entation/viewmodel/LedgerViewModel.kt:148:44 Cannot infer type for this 
parameter. Please specify it explicitly.
e: file:///D:/Projects/KnowItAll/app/src/main/java/com/example/know_it_all/pres
entation/viewmodel/LedgerViewModel.kt:155:41 Overload resolution ambiguity 
between candidates:
fun <R, T> Result<T>.map(transform: (@ParameterName(...) T) -> R): Result<R>
    [R|Contract description]
     <
        CallsInPlace(transform, AT_MOST_ONCE)
    >
fun <T, R> Array<out T>.map(transform: (T) -> R): List<R>
fun <R> BooleanArray.map(transform: (Boolean) -> R): List<R>
fun <R> ByteArray.map(transform: (Byte) -> R): List<R>
fun <R> CharArray.map(transform: (Char) -> R): List<R>
fun <R> DoubleArray.map(transform: (Double) -> R): List<R>
fun <R> FloatArray.map(transform: (Float) -> R): List<R>
fun <R> IntArray.map(transform: (Int) -> R): List<R>
fun <R> LongArray.map(transform: (Long) -> R): List<R>
fun <R> ShortArray.map(transform: (Short) -> R): List<R>
fun <T, R> Iterable<T>.map(transform: (T) -> R): List<R>
fun <K, V, R> Map<out K, V>.map(transform: (Map.Entry<K, V>) -> R): List<R>
fun <R> UByteArray.map(transform: (UByte) -> R): List<R>
fun <R> UIntArray.map(transform: (UInt) -> R): List<R>
fun <R> ULongArray.map(transform: (ULong) -> R): List<R>
fun <R> UShortArray.map(transform: (UShort) -> R): List<R>
fun <T, R> Sequence<T>.map(transform: (T) -> R): Sequence<R>
fun <R> CharSequence.map(transform: (Char) -> R): List<R>
e: file:///D:/Projects/KnowItAll/app/src/main/java/com/example/know_it_all/pres
entation/viewmodel/LedgerViewModel.kt:155:47 Cannot infer type for this 
parameter. Please specify it explicitly.
e: file:///D:/Projects/KnowItAll/app/src/main/java/com/example/know_it_all/pres
entation/viewmodel/LedgerViewModel.kt:157:38 Unresolved reference 'skillName'.
e: file:///D:/Projects/KnowItAll/app/src/main/java/com/example/know_it_all/pres
entation/viewmodel/LedgerViewModel.kt:159:45 Unresolved reference 
'proficiencyLevel'.
e: file:///D:/Projects/KnowItAll/app/src/main/java/com/example/know_it_all/pres
entation/viewmodel/LedgerViewModel.kt:183:36 Unresolved reference 'getToken'.
e: file:///D:/Projects/KnowItAll/app/src/main/java/com/example/know_it_all/pres
entation/viewmodel/LedgerViewModel.kt:185:71 Too many arguments for 'suspend 
fun disputeTransaction(transactionId: String, reason: String): Result<Unit>'.
e: file:///D:/Projects/KnowItAll/app/src/main/java/com/example/know_it_all/pres
entation/viewmodel/RadarViewModel.kt:77:36 Unresolved reference 'getToken'.
e: file:///D:/Projects/KnowItAll/app/src/main/java/com/example/know_it_all/pres
entation/viewmodel/RadarViewModel.kt:87:32 Unresolved reference 'getLocalUser'.
e: file:///D:/Projects/KnowItAll/app/src/main/java/com/example/know_it_all/pres
entation/viewmodel/RadarViewModel.kt:87:49 Cannot infer type for this 
parameter. Please specify it explicitly.
e: file:///D:/Projects/KnowItAll/app/src/main/java/com/example/know_it_all/pres
entation/viewmodel/RadarViewModel.kt:87:53 Cannot infer type for this 
parameter. Please specify it explicitly.
e: file:///D:/Projects/KnowItAll/app/src/main/java/com/example/know_it_all/pres
entation/viewmodel/SkillViewModel.kt:57:36 Unresolved reference 'getToken'.
e: file:///D:/Projects/KnowItAll/app/src/main/java/com/example/know_it_all/pres
entation/viewmodel/SkillViewModel.kt:64:33 Unresolved reference 
'getUserSkillsLocal'.
e: file:///D:/Projects/KnowItAll/app/src/main/java/com/example/know_it_all/pres
entation/viewmodel/SkillViewModel.kt:64:60 Cannot infer type for this 
parameter. Please specify it explicitly.
e: file:///D:/Projects/KnowItAll/app/src/main/java/com/example/know_it_all/pres
entation/viewmodel/SkillViewModel.kt:64:76 Cannot infer type for this 
parameter. Please specify it explicitly.
e: file:///D:/Projects/KnowItAll/app/src/main/java/com/example/know_it_all/pres
entation/viewmodel/SkillViewModel.kt:70:29 Unresolved reference 
'getUserSkillsRemote'.
e: file:///D:/Projects/KnowItAll/app/src/main/java/com/example/know_it_all/pres
entation/viewmodel/SkillViewModel.kt:70:64 Cannot infer type for this 
parameter. Please specify it explicitly.
e: file:///D:/Projects/KnowItAll/app/src/main/java/com/example/know_it_all/pres
entation/viewmodel/SkillViewModel.kt:71:29 Cannot infer type for this 
parameter. Please specify it explicitly.
e: file:///D:/Projects/KnowItAll/app/src/main/java/com/example/know_it_all/pres
entation/viewmodel/SkillViewModel.kt:89:36 Unresolved reference 'getToken'.
e: file:///D:/Projects/KnowItAll/app/src/main/java/com/example/know_it_all/pres
entation/viewmodel/SkillViewModel.kt:110:36 Unresolved reference 'getToken'.
e: file:///D:/Projects/KnowItAll/app/src/main/java/com/example/know_it_all/pres
entation/viewmodel/SkillViewModel.kt:113:48 Argument type mismatch: actual 
type is 'kotlin.String', but 
'com.example.know_it_all.data.model.dto.SkillCreateRequest' was expected.
e: file:///D:/Projects/KnowItAll/app/src/main/java/com/example/know_it_all/pres
entation/viewmodel/SkillViewModel.kt:113:57 Too many arguments for 'suspend 
fun updateSkill(skillId: String, request: SkillCreateRequest): Result<Unit>'.
e: file:///D:/Projects/KnowItAll/app/src/main/java/com/example/know_it_all/pres
entation/viewmodel/SkillViewModel.kt:132:36 Unresolved reference 'getToken'.
e: file:///D:/Projects/KnowItAll/app/src/main/java/com/example/know_it_all/pres
entation/viewmodel/SkillViewModel.kt:135:48 Too many arguments for 'suspend 
fun deleteSkill(skillId: String): Result<Unit>'.
e: file:///D:/Projects/KnowItAll/app/src/main/java/com/example/know_it_all/pres
entation/viewmodel/SkillViewModel.kt:154:36 Unresolved reference 'getToken'.
e: file:///D:/Projects/KnowItAll/app/src/main/java/com/example/know_it_all/pres
entation/viewmodel/SkillViewModel.kt:156:49 Too many arguments for 'suspend 
fun endorseSkill(skillId: String): Result<Unit>'.
e: file:///D:/Projects/KnowItAll/app/src/main/java/com/example/know_it_all/pres
entation/viewmodel/SkillViewModel.kt:156:58 Too many arguments for 'suspend 
fun endorseSkill(skillId: String): Result<Unit>'.
e: file:///D:/Projects/KnowItAll/app/src/main/java/com/example/know_it_all/pres
entation/viewmodel/SkillViewModel.kt:168:36 Unresolved reference 'getToken'.
e: file:///D:/Projects/KnowItAll/app/src/main/java/com/example/know_it_all/pres
entation/viewmodel/SkillViewModel.kt:171:56 Too many arguments for 'suspend 
fun searchSkills(query: String, category: String? = ...): Result<List<Skill>>'.
e: file:///D:/Projects/KnowItAll/app/src/main/java/com/example/know_it_all/pres
entation/viewmodel/TradeViewModel.kt:70:28 Unresolved reference 
'getPendingRequestCount'.
e: file:///D:/Projects/KnowItAll/app/src/main/java/com/example/know_it_all/pres
entation/viewmodel/TradeViewModel.kt:70:59 Cannot infer type for this 
parameter. Please specify it explicitly.
e: file:///D:/Projects/KnowItAll/app/src/main/java/com/example/know_it_all/pres
entation/viewmodel/TradeViewModel.kt:70:75 Cannot infer type for this 
parameter. Please specify it explicitly.
e: file:///D:/Projects/KnowItAll/app/src/main/java/com/example/know_it_all/pres
entation/viewmodel/TradeViewModel.kt:77:36 Unresolved reference 'getToken'.
e: file:///D:/Projects/KnowItAll/app/src/main/java/com/example/know_it_all/pres
entation/viewmodel/TradeViewModel.kt:84:32 Unresolved reference 
'getActiveSwapsLocal'.
e: file:///D:/Projects/KnowItAll/app/src/main/java/com/example/know_it_all/pres
entation/viewmodel/TradeViewModel.kt:84:60 Cannot infer type for this 
parameter. Please specify it explicitly.
e: file:///D:/Projects/KnowItAll/app/src/main/java/com/example/know_it_all/pres
entation/viewmodel/TradeViewModel.kt:84:76 Cannot infer type for this 
parameter. Please specify it explicitly.
e: file:///D:/Projects/KnowItAll/app/src/main/java/com/example/know_it_all/pres
entation/viewmodel/TradeViewModel.kt:92:28 Unresolved reference 
'getActiveSwapsRemote'.
e: file:///D:/Projects/KnowItAll/app/src/main/java/com/example/know_it_all/pres
entation/viewmodel/TradeViewModel.kt:92:56 Cannot infer type for this 
parameter. Please specify it explicitly.
e: file:///D:/Projects/KnowItAll/app/src/main/java/com/example/know_it_all/pres
entation/viewmodel/TradeViewModel.kt:93:31 Cannot infer type for this 
parameter. Please specify it explicitly.
e: file:///D:/Projects/KnowItAll/app/src/main/java/com/example/know_it_all/pres
entation/viewmodel/TradeViewModel.kt:111:36 Unresolved reference 'getToken'.
e: file:///D:/Projects/KnowItAll/app/src/main/java/com/example/know_it_all/pres
entation/viewmodel/TradeViewModel.kt:114:57 Too many arguments for 'suspend 
fun getSwapHistory(userId: String, limit: Int = ...): Result<List<SwapDTO>>'.

> Task :app:compileDebugKotlin FAILED
e: file:///D:/Projects/KnowItAll/app/src/main/java/com/example/know_it_all/pres
entation/viewmodel/TradeViewModel.kt:133:36 Unresolved reference 'getToken'.
e: file:///D:/Projects/KnowItAll/app/src/main/java/com/example/know_it_all/pres
entation/viewmodel/TradeViewModel.kt:136:47 Too many arguments for 'suspend 
fun requestSwap(request: SwapRequestBody): Result<SwapDTO>'.
e: file:///D:/Projects/KnowItAll/app/src/main/java/com/example/know_it_all/pres
entation/viewmodel/TradeViewModel.kt:155:36 Unresolved reference 'getToken'.
e: file:///D:/Projects/KnowItAll/app/src/main/java/com/example/know_it_all/pres
entation/viewmodel/TradeViewModel.kt:158:48 Too many arguments for 'suspend 
fun completeSwap(swapId: String): Result<SwapDTO>'.
e: file:///D:/Projects/KnowItAll/app/src/main/java/com/example/know_it_all/pres
entation/viewmodel/TradeViewModel.kt:180:36 Unresolved reference 'getToken'.
e: file:///D:/Projects/KnowItAll/app/src/main/java/com/example/know_it_all/pres
entation/viewmodel/TradeViewModel.kt:183:46 Too many arguments for 'suspend 
fun cancelSwap(swapId: String): Result<Unit>'.
e: file:///D:/Projects/KnowItAll/app/src/main/java/com/example/know_it_all/pres
entation/viewmodel/TradeViewModel.kt:207:36 Unresolved reference 'getToken'.
e: file:///D:/Projects/KnowItAll/app/src/main/java/com/example/know_it_all/pres
entation/viewmodel/TradeViewModel.kt:210:44 Argument type mismatch: actual 
type is 'kotlin.String', but 'kotlin.Int' was expected.
e: file:///D:/Projects/KnowItAll/app/src/main/java/com/example/know_it_all/pres
entation/viewmodel/TradeViewModel.kt:210:52 Argument type mismatch: actual 
type is 'kotlin.Int', but 'kotlin.String' was expected.
e: file:///D:/Projects/KnowItAll/app/src/main/java/com/example/know_it_all/pres
entation/viewmodel/TradeViewModel.kt:210:60 Too many arguments for 'suspend 
fun rateSwap(swapId: String, rating: Int, comment: String = ...): 
Result<Unit>'.

FAILURE: Build failed with an exception.

* What went wrong:
Execution failed for task ':app:compileDebugKotlin'.
> A failure occurred while executing org.jetbrains.kotlin.compilerRunner.Gradle
CompilerRunnerWithWorkers$GradleKotlinCompilerWorkAction
   > Compilation error. See log for more details

* Try:
> Run with --stacktrace option to get the stack trace.
> Run with --info or --debug option to get more log output.
> Run with --scan to get full insights.
> Get more help at https://help.gradle.org.

BUILD FAILED in 5m
56 actionable tasks: 33 executed, 23 up-to-date
